[backblue.gif]
[fade.gif]
[index.html]
[pro2-bar-s3-cdn-cf2.myportfolio.com/97a4e951-0b9f-44e4-b83d-164904683f0c/39b38f3c-de9a-467f-847a-022288f3a533_carw_202x158x323300.jpg]
[use.typekit.net/ik/YIrMb7EFp3FSTlxLVhyN9-ZzbeGSRy6pXz0SToAqbuMfenIgfHYEBsJzwD9oFDIDWh4yFcZcZ2wDjRqk5eBKwcwDjDFRF2IXFQ9ujQ63ZRJUFAwkjhI3jRb-mkG0dW83da4XZcNC-Av0jhNlOfG0SY4zwKuh-AmaOcuoSeNkieZzde8zOcFzdPUlp]
[pro2-bar-s3-cdn-cf1.myportfolio.com/97a4e951-0b9f-44e4-b83d-164904683f0c/9d82ac54-6657-44a2-92be-d7acda8b3ecd_carw_202x158x32a92f.jpg]
[pro2-bar-s3-cdn-cf3.myportfolio.com/97a4e951-0b9f-44e4-b83d-164904683f0c/e3564791-a1ff-4f80-a4d9-a0b68c621663_carw_202x158x3216cd.jpg]
[pro2-bar-s3-cdn-cf2.myportfolio.com/97a4e951-0b9f-44e4-b83d-164904683f0c/d0455616-b155-4a69-ab89-201cf8a43ae9_carw_202x158x326702.jpg]
[pro2-bar-s3-cdn-cf1.myportfolio.com/97a4e951-0b9f-44e4-b83d-164904683f0c/26c8e5f0-dd7f-40bb-9f67-d25494c7b539_carw_202x158x321433.jpg]
[pro2-bar-s3-cdn-cf4.myportfolio.com/97a4e951-0b9f-44e4-b83d-164904683f0c/516f867e-0b9c-480a-821a-518104e0574d_carw_202x158x327f11.jpg]
[pro2-bar-s3-cdn-cf2.myportfolio.com/97a4e951-0b9f-44e4-b83d-164904683f0c/3f099945-cf9e-434a-9d5b-86a63553364c_carw_202x158x32a944.jpg]
[pro2-bar-s3-cdn-cf1.myportfolio.com/97a4e951-0b9f-44e4-b83d-164904683f0c/cb483a77-e397-45c4-98a9-ab53d1afabe6_carw_202x158x32a3a8.jpg]
[pro2-bar-s3-cdn-cf1.myportfolio.com/97a4e951-0b9f-44e4-b83d-164904683f0c/9f6a77b5-f34d-4097-8c2f-ac054230ed06_carw_202x158x32dc37.jpg]
[pro2-bar-s3-cdn-cf1.myportfolio.com/97a4e951-0b9f-44e4-b83d-164904683f0c/93dd558f-242b-4de4-813e-27af4b83d555_carw_202x158x328516.jpg]
[pro2-bar-s3-cdn-cf.myportfolio.com/97a4e951-0b9f-44e4-b83d-164904683f0c/862182dd-9704-451b-b596-09e24c83100a_carw_202x158x324aa1.jpg]
[pro2-bar-s3-cdn-cf5.myportfolio.com/97a4e951-0b9f-44e4-b83d-164904683f0c/61ae9564-239d-4ad4-bd1d-ae77c435f57d_carw_202x158x325d87.jpg]
[pro2-bar-s3-cdn-cf6.myportfolio.com/97a4e951-0b9f-44e4-b83d-164904683f0c/a7f122d4-d548-41d5-88b5-96d66c6c9a98_rwc_130x0x639x500x32406d.jpg]
[pro2-bar-s3-cdn-cf3.myportfolio.com/97a4e951-0b9f-44e4-b83d-164904683f0c/e7dcd5f6-5537-43f6-99f0-4376d0764ac5_carw_202x158x3226d7.jpg]
[pro2-bar-s3-cdn-cf5.myportfolio.com/97a4e951-0b9f-44e4-b83d-164904683f0c/6f78114d-0b0a-4a69-a125-7f2f6b61ca16_carw_202x158x32d1fc.jpg]
[pro2-bar-s3-cdn-cf6.myportfolio.com/97a4e951-0b9f-44e4-b83d-164904683f0c/748b2416-2228-49db-a46e-b6b4386aba2f_carw_202x158x323f73.jpg]
[pro2-bar-s3-cdn-cf6.myportfolio.com/97a4e951-0b9f-44e4-b83d-164904683f0c/75b30396-005e-4a9c-aaeb-8451bc09977f_carw_202x158x329936.jpg]
[pro2-bar-s3-cdn-cf2.myportfolio.com/97a4e951-0b9f-44e4-b83d-164904683f0c/dd26591f-c91d-4daa-830d-6c69d45fc8d4_carw_202x158x322fcf.jpg]
[pro2-bar-s3-cdn-cf6.myportfolio.com/97a4e951-0b9f-44e4-b83d-164904683f0c/ab604753-0a4c-4b39-8ce3-a98e0e16bdbd_carw_202x158x327876.jpg]
[jfsn.myportfolio.com/site/translationscb21]
[jfsn.myportfolio.com/dist/js/maincb21.js]
[jfsn.myportfolio.com/index.html]
[jfsn.myportfolio.com/dist/css/main.css]
[pro2-bar-s3-cdn-cf3.myportfolio.com/97a4e951-0b9f-44e4-b83d-164904683f0c/47794cf8f6ad0921f86b97e343708c3f1637245261dbc8.css]
[jfsn.myportfolio.com/work.html]
[pro2-bar-s3-cdn-cf4.myportfolio.com/97a4e951-0b9f-44e4-b83d-164904683f0c/54b9c79f-44cd-4b5b-a1b9-0cddf637a3e4_carw_202x158x32e6c1.jpg]
[pro2-bar-s3-cdn-cf6.myportfolio.com/97a4e951-0b9f-44e4-b83d-164904683f0c/a92b060a-91d4-43fa-a38e-c0aec83ee658_carw_202x158x32deeb.jpg]
[pro2-bar-s3-cdn-cf.myportfolio.com/97a4e951-0b9f-44e4-b83d-164904683f0c/be0ab34e-4b0d-4d24-ae24-d7a1139a60ee_carw_202x158x32f56e.jpg]
[pro2-bar-s3-cdn-cf5.myportfolio.com/97a4e951-0b9f-44e4-b83d-164904683f0c/64dc5c34-7492-45c2-a576-a7469f55f3cf_carw_202x158x32f205.jpg]
[pro2-bar-s3-cdn-cf2.myportfolio.com/97a4e951-0b9f-44e4-b83d-164904683f0c/d9e9f752-ec12-4eee-9275-c5953eb145dd_carw_202x158x328706.jpg]
[pro2-bar-s3-cdn-cf4.myportfolio.com/97a4e951-0b9f-44e4-b83d-164904683f0c/59a86101-8676-4ab6-aec4-79aa7cbaa004_carw_202x158x32d998.jpg]
[pro2-bar-s3-cdn-cf1.myportfolio.com/97a4e951-0b9f-44e4-b83d-164904683f0c/91a2411f-2103-4349-8b5f-876ed937c679_carw_202x158x324526.jpg]
[pro2-bar-s3-cdn-cf.myportfolio.com/97a4e951-0b9f-44e4-b83d-164904683f0c/88026aa0-7079-4cad-adbb-1d3a30b9f394_carw_202x158x32984b.jpg]
[jfsn.myportfolio.com/knex.html]
[pro2-bar-s3-cdn-cf3.myportfolio.com/97a4e951-0b9f-44e4-b83d-164904683f0c/498f9c23-4e2a-44b8-b48d-8c7bbf8cda6c_carw_202x158x328656.jpg]
[pro2-bar-s3-cdn-cf6.myportfolio.com/97a4e951-0b9f-44e4-b83d-164904683f0c/abe35be2-10b1-4f89-8bc4-5482f1ce5589_carw_202x158x326485.jpg]
[pro2-bar-s3-cdn-cf1.myportfolio.com/97a4e951-0b9f-44e4-b83d-164904683f0c/2068e00d-ba8c-4804-b0db-c0481e9948e8_carw_202x158x32f508.jpg]
[jfsn.myportfolio.com/aquabeads.html]
[pro2-bar-s3-cdn-cf4.myportfolio.com/97a4e951-0b9f-44e4-b83d-164904683f0c/50e5cc0d-af72-4565-a2e2-eaf482546ff2_rwc_83x0x457x358x32f5a0.png]
[pro2-bar-s3-cdn-cf.myportfolio.com/97a4e951-0b9f-44e4-b83d-164904683f0c/bcd66e06-0678-4a36-a5c8-636de6deb8ed_rwc_88x0x450x352x328190.png]
[jfsn.myportfolio.com/tutorials.html]
[pro2-bar-s3-cdn-cf3.myportfolio.com/97a4e951-0b9f-44e4-b83d-164904683f0c/e0fa60e4-34f3-4597-ae35-ab711ba4bf06_carw_202x158x3249f4.jpg]
[pro2-bar-s3-cdn-cf6.myportfolio.com/97a4e951-0b9f-44e4-b83d-164904683f0c/a0b03dca-d574-42ad-b9e5-3a8de3c926ee_carw_202x158x32900d.png]
[pro2-bar-s3-cdn-cf3.myportfolio.com/97a4e951-0b9f-44e4-b83d-164904683f0c/eb5259e6-213b-4436-bd79-1407800fc15e_carw_202x158x322c29.jpg]
[pro2-bar-s3-cdn-cf1.myportfolio.com/97a4e951-0b9f-44e4-b83d-164904683f0c/ce39a6c1-4aa5-4ba4-8e14-04905a54b7a2_carw_202x158x322946.jpg]
[pro2-bar-s3-cdn-cf.myportfolio.com/97a4e951-0b9f-44e4-b83d-164904683f0c/1f915fd9-b009-4267-ac8c-6914218cebdd_carw_202x158x3238e5.jpg]
[pro2-bar-s3-cdn-cf4.myportfolio.com/97a4e951-0b9f-44e4-b83d-164904683f0c/fe7c0f99-f35a-4393-b230-3bb520351d48_carw_202x158x32e649.jpg]
[pro2-bar-s3-cdn-cf1.myportfolio.com/97a4e951-0b9f-44e4-b83d-164904683f0c/29c0005f-1109-4143-8fa6-a1927e5cef75_carw_202x158x324d0e.jpg]
[pro2-bar-s3-cdn-cf4.myportfolio.com/97a4e951-0b9f-44e4-b83d-164904683f0c/5b7b7389-5564-4649-a1b7-e21da2161549_carw_202x158x32b69d.jpg]
[pro2-bar-s3-cdn-cf5.myportfolio.com/97a4e951-0b9f-44e4-b83d-164904683f0c/6f1c978f-0ca6-49ce-b9db-a1f7fab6e2a4_carw_202x158x32559b.jpg]
[pro2-bar-s3-cdn-cf1.myportfolio.com/97a4e951-0b9f-44e4-b83d-164904683f0c/96a7a96e-64d1-4821-b71d-6fc9f6ea3a35_carw_202x158x32fea3.jpg]
[pro2-bar-s3-cdn-cf3.myportfolio.com/97a4e951-0b9f-44e4-b83d-164904683f0c/e7628361-dbae-4f1c-943e-899d9d91080b_carw_202x158x322040.jpg]
[jfsn.myportfolio.com/misc.html]
[pro2-bar-s3-cdn-cf4.myportfolio.com/97a4e951-0b9f-44e4-b83d-164904683f0c/5179f0cc-d04f-4cc1-84b0-5efa13698c27a592.jpg]
[pro2-bar-s3-cdn-cf4.myportfolio.com/97a4e951-0b9f-44e4-b83d-164904683f0c/5179f0cc-d04f-4cc1-84b0-5efa13698c27_rw_1200da11.jpg]
[jfsn.myportfolio.com/mmm.html]
[pro2-bar-s3-cdn-cf4.myportfolio.com/97a4e951-0b9f-44e4-b83d-164904683f0c/51736091-e552-4844-b084-6c234642c588f2cf.jpg]
[pro2-bar-s3-cdn-cf4.myportfolio.com/97a4e951-0b9f-44e4-b83d-164904683f0c/51736091-e552-4844-b084-6c234642c588_rw_3840c397.jpg]
[jfsn.myportfolio.com/elephant-1.html]
[pro2-bar-s3-cdn-cf4.myportfolio.com/97a4e951-0b9f-44e4-b83d-164904683f0c/f2e4dd57-8e5c-4480-94ea-0077721740567791.jpg]
[pro2-bar-s3-cdn-cf4.myportfolio.com/97a4e951-0b9f-44e4-b83d-164904683f0c/f2e4dd57-8e5c-4480-94ea-007772174056_rw_1200c3b9.jpg]
[jfsn.myportfolio.com/llll-1.html]
[pro2-bar-s3-cdn-cf5.myportfolio.com/97a4e951-0b9f-44e4-b83d-164904683f0c/6d216dc5-1157-4fc5-95ae-d3709890da614dc6.jpg]
[pro2-bar-s3-cdn-cf5.myportfolio.com/97a4e951-0b9f-44e4-b83d-164904683f0c/6d216dc5-1157-4fc5-95ae-d3709890da61_rw_3840a7e0.jpg]
[jfsn.myportfolio.com/ape.html]
[pro2-bar-s3-cdn-cf4.myportfolio.com/97a4e951-0b9f-44e4-b83d-164904683f0c/f8753bfc-8f92-434f-bb24-2562f5a3f0d33dcd.jpg]
[pro2-bar-s3-cdn-cf4.myportfolio.com/97a4e951-0b9f-44e4-b83d-164904683f0c/f8753bfc-8f92-434f-bb24-2562f5a3f0d3_rw_120036f6.jpg]
[jfsn.myportfolio.com/llll.html]
[pro2-bar-s3-cdn-cf.myportfolio.com/97a4e951-0b9f-44e4-b83d-164904683f0c/12493af2-e2cf-4a21-81e6-cf129d3b39554092.jpg]
[pro2-bar-s3-cdn-cf.myportfolio.com/97a4e951-0b9f-44e4-b83d-164904683f0c/12493af2-e2cf-4a21-81e6-cf129d3b3955_rw_1200146b.jpg]
[jfsn.myportfolio.com/1619437a90452d.html]
[pro2-bar-s3-cdn-cf6.myportfolio.com/97a4e951-0b9f-44e4-b83d-164904683f0c/0a91a986-ae82-4f92-af7d-ca93ab478cb073ee.jpg]
[pro2-bar-s3-cdn-cf6.myportfolio.com/97a4e951-0b9f-44e4-b83d-164904683f0c/0a91a986-ae82-4f92-af7d-ca93ab478cb0_rw_12001e95.jpg]
[jfsn.myportfolio.com/1619437ea87bbf.html]
[pro2-bar-s3-cdn-cf1.myportfolio.com/97a4e951-0b9f-44e4-b83d-164904683f0c/25fdcdb8-4632-4a0b-bff4-da415d3a3ae1d3a0.jpg]
[pro2-bar-s3-cdn-cf1.myportfolio.com/97a4e951-0b9f-44e4-b83d-164904683f0c/25fdcdb8-4632-4a0b-bff4-da415d3a3ae1_rw_38408451.jpg]
[jfsn.myportfolio.com/parrot.html]
[pro2-bar-s3-cdn-cf6.myportfolio.com/97a4e951-0b9f-44e4-b83d-164904683f0c/708dbd2e-ba8f-425a-9469-0ddcaebcfcc69093.jpg]
[pro2-bar-s3-cdn-cf6.myportfolio.com/97a4e951-0b9f-44e4-b83d-164904683f0c/708dbd2e-ba8f-425a-9469-0ddcaebcfcc6_rw_12008398.jpg]
[jfsn.myportfolio.com/ccc.html]
[pro2-bar-s3-cdn-cf2.myportfolio.com/97a4e951-0b9f-44e4-b83d-164904683f0c/da7166b4-8582-4fc6-a32d-cbe4f47573bed99e.jpg]
[pro2-bar-s3-cdn-cf2.myportfolio.com/97a4e951-0b9f-44e4-b83d-164904683f0c/da7166b4-8582-4fc6-a32d-cbe4f47573be_rw_38403d54.jpg]
[jfsn.myportfolio.com/dear.html]
[pro2-bar-s3-cdn-cf2.myportfolio.com/97a4e951-0b9f-44e4-b83d-164904683f0c/3c87e535-b110-4096-a494-d690ae5056fae874.jpg]
[pro2-bar-s3-cdn-cf2.myportfolio.com/97a4e951-0b9f-44e4-b83d-164904683f0c/3c87e535-b110-4096-a494-d690ae5056fa_rw_12009aa9.jpg]
[jfsn.myportfolio.com/bbb.html]
[pro2-bar-s3-cdn-cf6.myportfolio.com/97a4e951-0b9f-44e4-b83d-164904683f0c/0e152a86-8c3e-4dd0-b63f-9c42e7f9e4ac6d6e.jpg]
[pro2-bar-s3-cdn-cf6.myportfolio.com/97a4e951-0b9f-44e4-b83d-164904683f0c/0e152a86-8c3e-4dd0-b63f-9c42e7f9e4ac_rw_12008bb9.jpg]
[jfsn.myportfolio.com/sdvsdvds.html]
[pro2-bar-s3-cdn-cf1.myportfolio.com/97a4e951-0b9f-44e4-b83d-164904683f0c/9380686f-4d6b-4ace-8129-a9aeb969aa93057c.jpg]
[pro2-bar-s3-cdn-cf1.myportfolio.com/97a4e951-0b9f-44e4-b83d-164904683f0c/9380686f-4d6b-4ace-8129-a9aeb969aa93_rw_12002022.jpg]
[jfsn.myportfolio.com/zzz-1.html]
[pro2-bar-s3-cdn-cf4.myportfolio.com/97a4e951-0b9f-44e4-b83d-164904683f0c/f2141607-efe2-47d0-8b32-0412dabfcf82c31c.jpg]
[pro2-bar-s3-cdn-cf4.myportfolio.com/97a4e951-0b9f-44e4-b83d-164904683f0c/f2141607-efe2-47d0-8b32-0412dabfcf82_rw_38409989.jpg]
[jfsn.myportfolio.com/rhinoceros.html]
[pro2-bar-s3-cdn-cf.myportfolio.com/97a4e951-0b9f-44e4-b83d-164904683f0c/8c6922df-1eda-4902-97a7-629e57ddf142a740.jpg]
[pro2-bar-s3-cdn-cf.myportfolio.com/97a4e951-0b9f-44e4-b83d-164904683f0c/8c6922df-1eda-4902-97a7-629e57ddf142_rw_3840cd92.jpg]
[jfsn.myportfolio.com/moose.html]
[pro2-bar-s3-cdn-cf2.myportfolio.com/97a4e951-0b9f-44e4-b83d-164904683f0c/31c05080-c57e-451f-8eb6-e60e1be367759520.jpg]
[pro2-bar-s3-cdn-cf2.myportfolio.com/97a4e951-0b9f-44e4-b83d-164904683f0c/31c05080-c57e-451f-8eb6-e60e1be36775_rw_12009bf2.jpg]
[jfsn.myportfolio.com/zzz.html]
[pro2-bar-s3-cdn-cf2.myportfolio.com/97a4e951-0b9f-44e4-b83d-164904683f0c/3513e37a-9f1e-40c3-a85b-d7db10f130d2554c.jpg]
[pro2-bar-s3-cdn-cf2.myportfolio.com/97a4e951-0b9f-44e4-b83d-164904683f0c/3513e37a-9f1e-40c3-a85b-d7db10f130d2_rw_12009198.jpg]
[jfsn.myportfolio.com/sccssc.html]
[pro2-bar-s3-cdn-cf3.myportfolio.com/97a4e951-0b9f-44e4-b83d-164904683f0c/e8611655-a612-4d37-a8ec-b74fef32000a312a.jpg]
[pro2-bar-s3-cdn-cf3.myportfolio.com/97a4e951-0b9f-44e4-b83d-164904683f0c/e8611655-a612-4d37-a8ec-b74fef32000a_rw_120040ff.jpg]
[jfsn.myportfolio.com/cc.html]
[pro2-bar-s3-cdn-cf4.myportfolio.com/97a4e951-0b9f-44e4-b83d-164904683f0c/57cadbee-64b8-4048-8e94-9dd1763152e1501e.jpg]
[pro2-bar-s3-cdn-cf4.myportfolio.com/97a4e951-0b9f-44e4-b83d-164904683f0c/57cadbee-64b8-4048-8e94-9dd1763152e1_rw_1200287f.jpg]
[jfsn.myportfolio.com/xxx.html]
[pro2-bar-s3-cdn-cf1.myportfolio.com/97a4e951-0b9f-44e4-b83d-164904683f0c/2a20ee06f8c4b01f773b5c2dcb4adfb016372452613274.css]
[pro2-bar-s3-cdn-cf2.myportfolio.com/97a4e951-0b9f-44e4-b83d-164904683f0c/3e0873ee-887c-470c-bc0e-988fcc250c5ab56b.jpg]
[jfsn.myportfolio.com/llll-2.html]
[pro2-bar-s3-cdn-cf2.myportfolio.com/97a4e951-0b9f-44e4-b83d-164904683f0c/3e0873ee-887c-470c-bc0e-988fcc250c5a_rw_1200db2b.jpg]
[pro2-bar-s3-cdn-cf2.myportfolio.com/97a4e951-0b9f-44e4-b83d-164904683f0c/3871ff33-af1d-420c-8b12-dc0dc190c5c65548.jpg]
[pro2-bar-s3-cdn-cf2.myportfolio.com/97a4e951-0b9f-44e4-b83d-164904683f0c/3871ff33-af1d-420c-8b12-dc0dc190c5c6_rw_12002732.jpg]
[jfsn.myportfolio.com/jjj.html]
[pro2-bar-s3-cdn-cf.myportfolio.com/97a4e951-0b9f-44e4-b83d-164904683f0c/12d67d78-9784-4525-ad91-d2170288f86a7ee4.jpg]
[pro2-bar-s3-cdn-cf.myportfolio.com/97a4e951-0b9f-44e4-b83d-164904683f0c/12d67d78-9784-4525-ad91-d2170288f86a_rw_1200c03b.jpg]
[jfsn.myportfolio.com/mmmm-1.html]
[pro2-bar-s3-cdn-cf1.myportfolio.com/97a4e951-0b9f-44e4-b83d-164904683f0c/2c3ea377-7910-4343-b7fa-b7877947ac8e8163.jpg]
[pro2-bar-s3-cdn-cf1.myportfolio.com/97a4e951-0b9f-44e4-b83d-164904683f0c/2c3ea377-7910-4343-b7fa-b7877947ac8e_rw_12009b0a.jpg]
[jfsn.myportfolio.com/mjjkjj.html]
[pro2-bar-s3-cdn-cf1.myportfolio.com/97a4e951-0b9f-44e4-b83d-164904683f0c/2f123a6e-c6df-4ecf-8b6e-2a2b4909e9bc8767.jpg]
[pro2-bar-s3-cdn-cf1.myportfolio.com/97a4e951-0b9f-44e4-b83d-164904683f0c/2f123a6e-c6df-4ecf-8b6e-2a2b4909e9bc_rw_12000221.jpg]
[jfsn.myportfolio.com/mmmm.html]
[pro2-bar-s3-cdn-cf1.myportfolio.com/97a4e951-0b9f-44e4-b83d-164904683f0c/cf0e7b35-c827-4c0a-b8b5-63cdf8c36c74d619.jpg]
[pro2-bar-s3-cdn-cf1.myportfolio.com/97a4e951-0b9f-44e4-b83d-164904683f0c/cf0e7b35-c827-4c0a-b8b5-63cdf8c36c74_rw_12008659.jpg]
[jfsn.myportfolio.com/kkkkk.html]
[pro2-bar-s3-cdn-cf4.myportfolio.com/97a4e951-0b9f-44e4-b83d-164904683f0c/f4ecbd75-2a73-4638-8761-f51cec0eb1b25bf4.jpg]
[pro2-bar-s3-cdn-cf4.myportfolio.com/97a4e951-0b9f-44e4-b83d-164904683f0c/f4ecbd75-2a73-4638-8761-f51cec0eb1b2_rw_1200de52.jpg]
[jfsn.myportfolio.com/kkk-1.html]
[pro2-bar-s3-cdn-cf.myportfolio.com/97a4e951-0b9f-44e4-b83d-164904683f0c/80ee96b7-d64f-42f4-b1f3-7c8be4d6e6079ff2.jpg]
[pro2-bar-s3-cdn-cf.myportfolio.com/97a4e951-0b9f-44e4-b83d-164904683f0c/80ee96b7-d64f-42f4-b1f3-7c8be4d6e607_rw_12004099.jpg]
[jfsn.myportfolio.com/kkk.html]
[pro2-bar-s3-cdn-cf6.myportfolio.com/97a4e951-0b9f-44e4-b83d-164904683f0c/78e88956-b0dd-43b8-ba85-8697180e0623dc94.jpg]
[pro2-bar-s3-cdn-cf6.myportfolio.com/97a4e951-0b9f-44e4-b83d-164904683f0c/78e88956-b0dd-43b8-ba85-8697180e0623_rw_1200c885.jpg]
[jfsn.myportfolio.com/mmmm-2.html]
[pro2-bar-s3-cdn-cf1.myportfolio.com/97a4e951-0b9f-44e4-b83d-164904683f0c/20b31966-6ca2-42ed-ae43-0aa325a0c57d63a5.jpg]
[pro2-bar-s3-cdn-cf1.myportfolio.com/97a4e951-0b9f-44e4-b83d-164904683f0c/20b31966-6ca2-42ed-ae43-0aa325a0c57d_rw_1200e092.jpg]
[jfsn.myportfolio.com/kkk-2.html]
[pro2-bar-s3-cdn-cf4.myportfolio.com/97a4e951-0b9f-44e4-b83d-164904683f0c/521bdd19-15b0-4435-9c26-3eccc2c36532ebfd.jpg]
[pro2-bar-s3-cdn-cf4.myportfolio.com/97a4e951-0b9f-44e4-b83d-164904683f0c/521bdd19-15b0-4435-9c26-3eccc2c36532_rw_1200b46c.jpg]
[jfsn.myportfolio.com/jjj-1.html]
[jfsn.myportfolio.com/nice-bird-eating-spider.html]
[jfsn.myportfolio.com/bbb-1.html]
[pro2-bar-s3-cdn-cf4.myportfolio.com/97a4e951-0b9f-44e4-b83d-164904683f0c/f38a3112-c942-4587-abf2-34adcdbd6929ba37.jpg]
[pro2-bar-s3-cdn-cf4.myportfolio.com/97a4e951-0b9f-44e4-b83d-164904683f0c/f38a3112-c942-4587-abf2-34adcdbd6929_rw_1200fd55.jpg]
[jfsn.myportfolio.com/face-collage.html]
[jfsn.myportfolio.com/video-test.html]
[pro2-bar-s3-cdn-cf2.myportfolio.com/97a4e951-0b9f-44e4-b83d-164904683f0c/d23480c7-1ce3-4a1d-aed6-a0080b14e662723e.jpg]
[jfsn.myportfolio.com/fine-art.html]
[pro2-bar-s3-cdn-cf2.myportfolio.com/97a4e951-0b9f-44e4-b83d-164904683f0c/d23480c7-1ce3-4a1d-aed6-a0080b14e662_rw_1200bc5a.jpg]
[pro2-bar-s3-cdn-cf3.myportfolio.com/97a4e951-0b9f-44e4-b83d-164904683f0c/e5e3873a-bc3f-42f7-8d29-6d6e4c1b227271ee.jpg]
[pro2-bar-s3-cdn-cf3.myportfolio.com/97a4e951-0b9f-44e4-b83d-164904683f0c/e5e3873a-bc3f-42f7-8d29-6d6e4c1b2272_rw_12002e6c.jpg]
[jfsn.myportfolio.com/something-about-poop.html]
[pro2-bar-s3-cdn-cf6.myportfolio.com/97a4e951-0b9f-44e4-b83d-164904683f0c/74f0a06a-bf7b-4bbc-93fc-873d3b0c86430d30.jpg]
[pro2-bar-s3-cdn-cf6.myportfolio.com/97a4e951-0b9f-44e4-b83d-164904683f0c/74f0a06a-bf7b-4bbc-93fc-873d3b0c8643_rw_1200e714.jpg]
[jfsn.myportfolio.com/funny-grandma.html]
[pro2-bar-s3-cdn-cf.myportfolio.com/97a4e951-0b9f-44e4-b83d-164904683f0c/863440c0-10f8-440e-ba27-c14da4acd21ef20d.jpg]
[pro2-bar-s3-cdn-cf.myportfolio.com/97a4e951-0b9f-44e4-b83d-164904683f0c/863440c0-10f8-440e-ba27-c14da4acd21e_rw_1200dd6e.jpg]
[jfsn.myportfolio.com/untitled-1.html]
[pro2-bar-s3-cdn-cf1.myportfolio.com/97a4e951-0b9f-44e4-b83d-164904683f0c/2995699c-9387-49ae-88ed-71884d57b9516281.jpg]
[pro2-bar-s3-cdn-cf1.myportfolio.com/97a4e951-0b9f-44e4-b83d-164904683f0c/2995699c-9387-49ae-88ed-71884d57b951_rw_1200644b.jpg]
[jfsn.myportfolio.com/drawing.html]
[pro2-bar-s3-cdn-cf6.myportfolio.com/97a4e951-0b9f-44e4-b83d-164904683f0c/a76f2c7d-e763-4be4-8ea6-26b3a20ae2bd9012.jpg]
[pro2-bar-s3-cdn-cf6.myportfolio.com/97a4e951-0b9f-44e4-b83d-164904683f0c/a76f2c7d-e763-4be4-8ea6-26b3a20ae2bd_rw_1200c690.jpg]
[jfsn.myportfolio.com/untitled.html]
[pro2-bar-s3-cdn-cf1.myportfolio.com/97a4e951-0b9f-44e4-b83d-164904683f0c/20de2689-7788-4c7b-8a01-eb4eb9a73819b587.jpg]
[pro2-bar-s3-cdn-cf1.myportfolio.com/97a4e951-0b9f-44e4-b83d-164904683f0c/20de2689-7788-4c7b-8a01-eb4eb9a73819_rw_12004ccd.jpg]
[jfsn.myportfolio.com/untitled-with-grandpa.html]
[pro2-bar-s3-cdn-cf6.myportfolio.com/97a4e951-0b9f-44e4-b83d-164904683f0c/adf656f5-f1a9-41ab-8710-86dc6178e9de2c88.jpg]
[pro2-bar-s3-cdn-cf6.myportfolio.com/97a4e951-0b9f-44e4-b83d-164904683f0c/adf656f5-f1a9-41ab-8710-86dc6178e9de_rw_12005b01.jpg]
[jfsn.myportfolio.com/stick-man.html]
[pro2-bar-s3-cdn-cf3.myportfolio.com/97a4e951-0b9f-44e4-b83d-164904683f0c/4de666b1-4c5d-48ae-8bf9-691794120bd9ae07.jpg]
[pro2-bar-s3-cdn-cf3.myportfolio.com/97a4e951-0b9f-44e4-b83d-164904683f0c/4de666b1-4c5d-48ae-8bf9-691794120bd9_rw_12001ca7.jpg]
[jfsn.myportfolio.com/dragon.html]
[pro2-bar-s3-cdn-cf6.myportfolio.com/97a4e951-0b9f-44e4-b83d-164904683f0c/717829a48b5fad64747b7bf2f577ae731637245261939f.css]
